// Jest Snapshot v1, https://goo.gl/fbAQLP

exports[`Comments component should render correctly 1`] = `
[
  <div
    className="mt-5 rounded-t-md border border-b-0 border-t-0 border-gray-300 bg-white p-5 pl-16"
  >
    <p
      className="text-sm"
    >
      Comments as
       
      <span
        className="text-red-500"
      >
        Buck
      </span>
    </p>
    <form
      className="flex flex-col space-y-2"
      onSubmit={[MockFunction]}
    >
      <textarea
        className="h-24 rounded-sm border border-gray-200 p-2 pl-4 outline-none focus-within:border-gray-900 disabled:bg-gray-50"
        disabled={false}
        placeholder="What are your thoughts?"
      />
      <button
        className="rounded-full bg-red-500 p-3 font-semibold text-white disabled:cursor-default disabled:bg-gray-500 disabled:text-gray-300"
        disabled={true}
        name="comment"
        type="submit"
      >
        Comment
      </button>
    </form>
  </div>,
  <div
    className="rounded-b-md border border-t-0 border-gray-300 bg-white px-10 py-5"
  >
    <hr
      className="py-2"
    />
  </div>,
]
`;
