// Jest Snapshot v1, https://goo.gl/fbAQLP

exports[`PostCard component should render correctly 1`] = `
<a
  href="/post/1"
  onClick={[Function]}
  onMouseEnter={[Function]}
  onTouchStart={[Function]}
>
  <div
    className="flex cursor-pointer rounded-md border border-gray-300 bg-white shadow-sm hover:border hover:border-gray-600"
  >
    <div
      className="flex flex-col items-center justify-start space-y-1 rounded-l-md bg-gray-50 p-4 text-gray-400"
    >
      <svg
        aria-hidden="true"
        className="voteButtons cursor-pointer hover:text-red-400 undefined"
        fill="none"
        onClick={[Function]}
        stroke="currentColor"
        strokeWidth={1.5}
        viewBox="0 0 24 24"
        xmlns="http://www.w3.org/2000/svg"
      >
        <title>
          upvote
        </title>
        <path
          d="M4.5 10.5L12 3m0 0l7.5 7.5M12 3v18"
          strokeLinecap="round"
          strokeLinejoin="round"
        />
      </svg>
      <p
        className="votes text-xs font-bold text-black"
        title="votes"
      >
        0
      </p>
      <svg
        aria-hidden="true"
        className="voteButtons cursor-pointer hover:text-blue-400 text-blue-400"
        fill="none"
        onClick={[Function]}
        stroke="currentColor"
        strokeWidth={1.5}
        viewBox="0 0 24 24"
        xmlns="http://www.w3.org/2000/svg"
      >
        <title>
          downvote
        </title>
        <path
          d="M19.5 13.5L12 21m0 0l-7.5-7.5M12 21V3"
          strokeLinecap="round"
          strokeLinejoin="round"
        />
      </svg>
    </div>
    <div
      className="p-3 pb-1"
    >
      <div
        className="flex items-center space-x-2"
      >
        <div
          className="relative h-10 w-10 overflow-hidden rounded-full border-gray-300 bg-white undefined"
        >
          <img
            alt="Buck"
            data-nimg="fill"
            decoding="async"
            loading="lazy"
            onError={[Function]}
            onLoad={[Function]}
            src="https://avatars.dicebear.com/api/open-peeps/test.svg"
            style={
              {
                "bottom": 0,
                "color": "transparent",
                "height": "100%",
                "left": 0,
                "objectFit": undefined,
                "objectPosition": undefined,
                "position": "absolute",
                "right": 0,
                "top": 0,
                "width": "100%",
              }
            }
          />
        </div>
        <p
          className="text-xs text-gray-400"
        >
          <span
            className="font-bold text-black hover:text-blue-400 hover:underline"
            onClick={[Function]}
          >
            r/
            test
          </span>
          <span>
            â€¢ Posted by u/
            Buck
             
            Loading...
          </span>
        </p>
      </div>
      <div
        className="py-4"
      >
        <h2
          className="text-xl font-semibold"
        >
          Test Post
        </h2>
        <p
          className="mt-2 text-sm font-light"
        >
          Test Content
        </p>
      </div>
      <img
        alt=""
        className="w-full"
        src="http://placehold.it/300x300"
      />
      <div
        className="flex space-x-4 text-gray-400 "
      >
        <div
          className="postButtons"
        >
          <svg
            aria-hidden="true"
            className="h-6 w-6"
            fill="none"
            stroke="currentColor"
            strokeWidth={1.5}
            viewBox="0 0 24 24"
            xmlns="http://www.w3.org/2000/svg"
          >
            <path
              d="M8.625 12a.375.375 0 11-.75 0 .375.375 0 01.75 0zm0 0H8.25m4.125 0a.375.375 0 11-.75 0 .375.375 0 01.75 0zm0 0H12m4.125 0a.375.375 0 11-.75 0 .375.375 0 01.75 0zm0 0h-.375M21 12c0 4.556-4.03 8.25-9 8.25a9.764 9.764 0 01-2.555-.337A5.972 5.972 0 015.41 20.97a5.969 5.969 0 01-.474-.065 4.48 4.48 0 00.978-2.025c.09-.457-.133-.901-.467-1.226C3.93 16.178 3 14.189 3 12c0-4.556 4.03-8.25 9-8.25s9 3.694 9 8.25z"
              strokeLinecap="round"
              strokeLinejoin="round"
            />
          </svg>
          <p>
            0
             Comments
          </p>
        </div>
        <div
          className="postButtons"
        >
          <svg
            aria-hidden="true"
            className="h-6 w-6"
            fill="none"
            stroke="currentColor"
            strokeWidth={1.5}
            viewBox="0 0 24 24"
            xmlns="http://www.w3.org/2000/svg"
          >
            <path
              d="M21 11.25v8.25a1.5 1.5 0 01-1.5 1.5H5.25a1.5 1.5 0 01-1.5-1.5v-8.25M12 4.875A2.625 2.625 0 109.375 7.5H12m0-2.625V7.5m0-2.625A2.625 2.625 0 1114.625 7.5H12m0 0V21m-8.625-9.75h18c.621 0 1.125-.504 1.125-1.125v-1.5c0-.621-.504-1.125-1.125-1.125h-18c-.621 0-1.125.504-1.125 1.125v1.5c0 .621.504 1.125 1.125 1.125z"
              strokeLinecap="round"
              strokeLinejoin="round"
            />
          </svg>
          <p
            className="hidden sm:inline"
          >
            Award
          </p>
        </div>
        <div
          className="postButtons"
        >
          <svg
            aria-hidden="true"
            className="h-6 w-6"
            fill="none"
            stroke="currentColor"
            strokeWidth={1.5}
            viewBox="0 0 24 24"
            xmlns="http://www.w3.org/2000/svg"
          >
            <path
              d="M7.217 10.907a2.25 2.25 0 100 2.186m0-2.186c.18.324.283.696.283 1.093s-.103.77-.283 1.093m0-2.186l9.566-5.314m-9.566 7.5l9.566 5.314m0 0a2.25 2.25 0 103.935 2.186 2.25 2.25 0 00-3.935-2.186zm0-12.814a2.25 2.25 0 103.933-2.185 2.25 2.25 0 00-3.933 2.185z"
              strokeLinecap="round"
              strokeLinejoin="round"
            />
          </svg>
          <p
            className="hidden sm:inline"
          >
            Share
          </p>
        </div>
        <div
          className="postButtons"
        >
          <svg
            aria-hidden="true"
            className="h-6 w-6"
            fill="none"
            stroke="currentColor"
            strokeWidth={1.5}
            viewBox="0 0 24 24"
            xmlns="http://www.w3.org/2000/svg"
          >
            <path
              d="M17.593 3.322c1.1.128 1.907 1.077 1.907 2.185V21L12 17.25 4.5 21V5.507c0-1.108.806-2.057 1.907-2.185a48.507 48.507 0 0111.186 0z"
              strokeLinecap="round"
              strokeLinejoin="round"
            />
          </svg>
          <p
            className="hidden sm:inline"
          >
            Save
          </p>
        </div>
        <div
          className="postButtons"
        >
          <svg
            aria-hidden="true"
            className="h-6 w-6"
            fill="none"
            stroke="currentColor"
            strokeWidth={1.5}
            viewBox="0 0 24 24"
            xmlns="http://www.w3.org/2000/svg"
          >
            <path
              d="M6.75 12a.75.75 0 11-1.5 0 .75.75 0 011.5 0zM12.75 12a.75.75 0 11-1.5 0 .75.75 0 011.5 0zM18.75 12a.75.75 0 11-1.5 0 .75.75 0 011.5 0z"
              strokeLinecap="round"
              strokeLinejoin="round"
            />
          </svg>
        </div>
      </div>
    </div>
  </div>
</a>
`;
